// Jest Snapshot v1, https://goo.gl/fbAQLP

exports[`HelloWorld.vue render template 1`] = `<div><span>count: 0</span> <button>count++</button></div>`;

exports[`HelloWorld.vue renders props.msg when passed 1`] = `<div><span>count: 0</span> <button>count++</button></div>`;
